tree-info exp/tri6b_cleaned_ali_train_960_cleaned_sp/tree 
steps/nnet3/xconfig_to_configs.py --xconfig-file exp/nnet3_cleaned/tdnn_1b_9e_mediumblr/configs/network.xconfig --config-dir exp/nnet3_cleaned/tdnn_1b_9e_mediumblr/configs
nnet3-init exp/nnet3_cleaned/tdnn_1b_9e_mediumblr/configs/init.config exp/nnet3_cleaned/tdnn_1b_9e_mediumblr/configs/init.raw 
LOG (nnet3-init[5.5.1076~1-1b07b5]:main():nnet3-init.cc:80) Initialized raw neural net and wrote it to exp/nnet3_cleaned/tdnn_1b_9e_mediumblr/configs/init.raw
nnet3-info exp/nnet3_cleaned/tdnn_1b_9e_mediumblr/configs/init.raw 
nnet3-init exp/nnet3_cleaned/tdnn_1b_9e_mediumblr/configs/ref.config exp/nnet3_cleaned/tdnn_1b_9e_mediumblr/configs/ref.raw 
LOG (nnet3-init[5.5.1076~1-1b07b5]:main():nnet3-init.cc:80) Initialized raw neural net and wrote it to exp/nnet3_cleaned/tdnn_1b_9e_mediumblr/configs/ref.raw
nnet3-info exp/nnet3_cleaned/tdnn_1b_9e_mediumblr/configs/ref.raw 
nnet3-init exp/nnet3_cleaned/tdnn_1b_9e_mediumblr/configs/ref.config exp/nnet3_cleaned/tdnn_1b_9e_mediumblr/configs/ref.raw 
LOG (nnet3-init[5.5.1076~1-1b07b5]:main():nnet3-init.cc:80) Initialized raw neural net and wrote it to exp/nnet3_cleaned/tdnn_1b_9e_mediumblr/configs/ref.raw
nnet3-info exp/nnet3_cleaned/tdnn_1b_9e_mediumblr/configs/ref.raw 
2023-12-14 16:24:48,870 [/net/pr2/projects/plgrid/plggdspmwit/plgkgucik/kaldi/egs/librispeech/s5/steps/nnet3/train_dnn.py:36 - <module> - INFO ] Starting DNN trainer (train_dnn.py)
steps/nnet3/train_dnn.py --stage=-10 --cmd=run.pl --mem 4G --feat.online-ivector-dir exp/nnet3_cleaned/ivectors_train_960_cleaned_sp_hires --feat.cmvn-opts=--norm-means=false --norm-vars=false --trainer.num-epochs 3 --trainer.shuffle-buffer-size 750 --trainer.prior-subset-size 6000 --trainer.optimization.num-jobs-initial 1 --trainer.optimization.num-jobs-final 1 --trainer.optimization.initial-effective-lrate 0.0200 --trainer.optimization.final-effective-lrate 0.00015 --trainer.optimization.minibatch-size 512 --trainer.num-jobs-compute-prior 4 --trainer.input-model exp/nnet3_cleaned/tdnn_1b_9e_mediumblr/final.mdl --egs.dir  --cleanup false --cleanup.remove-egs true --cleanup.preserve-model-interval 80 --feat-dir=data/train_960_cleaned_sp_hires --ali-dir exp/tri6b_cleaned_ali_train_960_cleaned_sp --lang data/lang --reporting.email= --dir=exp/nnet3_cleaned/tdnn_1b_9e_mediumblr
['steps/nnet3/train_dnn.py', '--stage=-10', '--cmd=run.pl --mem 4G', '--feat.online-ivector-dir', 'exp/nnet3_cleaned/ivectors_train_960_cleaned_sp_hires', '--feat.cmvn-opts=--norm-means=false --norm-vars=false', '--trainer.num-epochs', '3', '--trainer.shuffle-buffer-size', '750', '--trainer.prior-subset-size', '6000', '--trainer.optimization.num-jobs-initial', '1', '--trainer.optimization.num-jobs-final', '1', '--trainer.optimization.initial-effective-lrate', '0.0200', '--trainer.optimization.final-effective-lrate', '0.00015', '--trainer.optimization.minibatch-size', '512', '--trainer.num-jobs-compute-prior', '4', '--trainer.input-model', 'exp/nnet3_cleaned/tdnn_1b_9e_mediumblr/final.mdl', '--egs.dir', '', '--cleanup', 'false', '--cleanup.remove-egs', 'true', '--cleanup.preserve-model-interval', '80', '--feat-dir=data/train_960_cleaned_sp_hires', '--ali-dir', 'exp/tri6b_cleaned_ali_train_960_cleaned_sp', '--lang', 'data/lang', '--reporting.email=', '--dir=exp/nnet3_cleaned/tdnn_1b_9e_mediumblr']
2023-12-14 16:24:48,909 [/net/pr2/projects/plgrid/plggdspmwit/plgkgucik/kaldi/egs/librispeech/s5/steps/nnet3/train_dnn.py:178 - train - INFO ] Arguments for the experiment
{'ali_dir': 'exp/tri6b_cleaned_ali_train_960_cleaned_sp',
 'backstitch_training_interval': 1,
 'backstitch_training_scale': 0.0,
 'cleanup': False,
 'cmvn_opts': '--norm-means=false --norm-vars=false',
 'combine_sum_to_one_penalty': 0.0,
 'command': 'run.pl --mem 4G',
 'compute_per_dim_accuracy': False,
 'dir': 'exp/nnet3_cleaned/tdnn_1b_9e_mediumblr',
 'do_final_combination': True,
 'dropout_schedule': None,
 'egs_command': None,
 'egs_dir': None,
 'egs_opts': None,
 'egs_stage': 0,
 'email': None,
 'exit_stage': None,
 'feat_dir': 'data/train_960_cleaned_sp_hires',
 'final_effective_lrate': 0.00015,
 'frames_per_eg': 8,
 'initial_effective_lrate': 0.02,
 'input_model': 'exp/nnet3_cleaned/tdnn_1b_9e_mediumblr/final.mdl',
 'lang': 'data/lang',
 'max_lda_jobs': 10,
 'max_models_combine': 20,
 'max_objective_evaluations': 30,
 'max_param_change': 2.0,
 'minibatch_size': '512',
 'momentum': 0.0,
 'num_epochs': 3.0,
 'num_jobs_compute_prior': 4,
 'num_jobs_final': 1,
 'num_jobs_initial': 1,
 'num_jobs_step': 1,
 'online_ivector_dir': 'exp/nnet3_cleaned/ivectors_train_960_cleaned_sp_hires',
 'preserve_model_interval': 80,
 'presoftmax_prior_scale_power': -0.25,
 'prior_subset_size': 6000,
 'proportional_shrink': 0.0,
 'rand_prune': 4.0,
 'remove_egs': True,
 'reporting_interval': 0.1,
 'samples_per_iter': 400000,
 'shuffle_buffer_size': 750,
 'srand': 0,
 'stage': -10,
 'train_opts': [],
 'use_gpu': 'yes'}
nnet3-info exp/nnet3_cleaned/tdnn_1b_9e_mediumblr/final.mdl 
ERROR (nnet3-info[5.5.1076~1-1b07b5]:Input():kaldi-io.cc:756) Error opening input stream exp/nnet3_cleaned/tdnn_1b_9e_mediumblr/final.mdl

[ Stack-Trace: ]
nnet3-info(kaldi::MessageLogger::LogMessage() const+0x745) [0x6ad98f]
nnet3-info(kaldi::MessageLogger::LogAndThrow::operator=(kaldi::MessageLogger const&)+0x11) [0x4a690f]
nnet3-info(kaldi::Input::Input(std::__cxx11::basic_string<char, std::char_traits<char>, std::allocator<char> > const&, bool*)+0x90) [0x6494f4]
nnet3-info(main+0x10d) [0x4a05e3]
/lib64/libc.so.6(+0x3feb0) [0x14f4f547feb0]
/lib64/libc.so.6(__libc_start_main+0x80) [0x14f4f547ff60]
nnet3-info(_start+0x25) [0x4a0415]

kaldi::KaldiFatalError
Traceback (most recent call last):
  File "/net/pr2/projects/plgrid/plggdspmwit/plgkgucik/kaldi/egs/librispeech/s5/steps/nnet3/train_dnn.py", line 212, in train
    model_left_context = variables['model_left_context']
                         ~~~~~~~~~^^^^^^^^^^^^^^^^^^^^^^
KeyError: 'model_left_context'

During handling of the above exception, another exception occurred:

Traceback (most recent call last):
  File "/net/pr2/projects/plgrid/plggdspmwit/plgkgucik/kaldi/egs/librispeech/s5/steps/nnet3/train_dnn.py", line 459, in main
    train(args, run_opts)
  File "/net/pr2/projects/plgrid/plggdspmwit/plgkgucik/kaldi/egs/librispeech/s5/steps/nnet3/train_dnn.py", line 215, in train
    raise Exception("KeyError {0}: Variables need to be defined in "
Exception: KeyError 'model_left_context': Variables need to be defined in exp/nnet3_cleaned/tdnn_1b_9e_mediumblr/configs
